// Jest Snapshot v1, https://goo.gl/fbAQLP

exports[`Exercise 1: Basic snapshot formatApiError matches snapshot 1`] = `
{
  "code": "UNAUTHORIZED",
  "message": "Not authenticated",
  "statusCode": 401,
}
`;

exports[`Exercise 1: Basic snapshot formatUser matches snapshot 1`] = `
{
  "createdAt": 2024-03-01T00:00:00.000Z,
  "email": "test@example.com",
  "id": "test-id",
  "name": "Test User",
  "role": "user",
}
`;

exports[`Exercise 2: Named snapshot simple report snapshot: Q1 report shape 1`] = `
{
  "rows": [
    {
      "label": "Revenue",
      "value": 5000,
    },
    {
      "label": "Costs",
      "value": 3000,
    },
  ],
  "summary": {
    "generated": Any<String>,
    "rowCount": 2,
    "total": 8000,
  },
  "title": "Q1 Report",
}
`;

exports[`Exercise 4: Snapshot update workflow admin user snapshot 1`] = `
{
  "accessLevel": "admin",
  "contactEmail": "admin@example.com",
  "displayName": "Super Admin",
  "id": "admin-1",
  "isAdmin": true,
  "memberSince": "2020-01-01",
}
`;
